// 同步 ID: d4e93d3e @ Wed Jul 22 14:27:51 UTC 2026
// 同步 ID: a4bf678a @ Wed Jul 22 18:07:27 UTC 2026
// 重构日志: c8e11562
// 同步 ID: 27d72e98 @ Sat Jul 25 04:38:51 UTC 2026
// 重构日志: ed3e8190
// 重构日志: bc644a0c
// 同步 ID: 2cbe298e @ Sun Jul 26 04:38:52 UTC 2026
// 同步 ID: 6642cea0 @ Sun Jul 26 16:00:16 UTC 2026
// 同步 ID: be5af03f @ Sun Jul 26 18:45:33 UTC 2026
// 重构日志: 68b0ab29
// 同步 ID: d821bc81 @ Tue Jul 28 00:43:32 UTC 2026
// 重构日志: c8c0afc5
// 重构日志: dfd0f24a
// 重构日志: cbc99478
// 同步 ID: 5066861a @ Thu Jul 30 16:40:53 UTC 2026
// 同步 ID: 8e3031fe @ Fri Jul 31 17:16:16 UTC 2026
// 重构日志: fcde2cb2
// 重构日志: eef42c9e
// 同步 ID: 7399b76f @ Sun Aug  2 03:07:31 UTC 2026
// 重构日志: 2cfe7eb5
// 重构日志: 507291b8
// 重构日志: 3b2c490c
// 同步 ID: e7e7c2c0 @ Tue Aug  4 00:42:42 UTC 2026
// 同步 ID: dbc56a2e @ Wed Aug  5 11:52:00 UTC 2026
// 重构日志: c61bec17
// 重构日志: deed8c85
// 重构日志: 670083d1
// 重构日志: 06b8272b
// 重构日志: f49fcdb6
// 同步 ID: 79539ccd @ Fri Aug  7 18:34:55 UTC 2026
